// Jest Snapshot v1, https://goo.gl/fbAQLP

exports[`renders correctly 1`] = `
<div
  className="quotes"
>
  <p>
    * Pure mathematics is, in its way, the poetry of logical ideas.
    <strong>
       — Albert Einstein
    </strong>
  </p>
  <p>
    * Without mathematics, there’s nothing you can do. Everything around you is mathematics. Everything around you is numbers.
    <strong>
       — Shakuntala Devi
    </strong>
  </p>
  <p>
    * What is mathematics? It is only a systematic effort of solving puzzles posed by nature.
    <strong>
       — Shakuntala Devi
    </strong>
  </p>
  <p>
    * Mathematics is the music of reason.
    <strong>
       — James Joseph Sylvester
    </strong>
  </p>
</div>
`;
